MariaDB [tesing]> tee 211402018.log
MariaDB [tesing]> USE task_manager;
Database changed
MariaDB [task_manager]> SHOW TABLES;
+------------------------+
| Tables_in_task_manager |
+------------------------+
| failed_jobs            |
| migrations             |
| password_resets        |
| personal_access_tokens |
| task_categories        |
| task_dailies           |
| task_indicators        |
| task_persons           |
| task_plans             |
| users                  |
+------------------------+
10 rows in set (0.001 sec)

MariaDB [task_manager]> CREATE VIEW 211402018 AS (
    -> SELECT a.task_id, b.task_name, b.task_status FROM task_persons a LEFT JOIN task_plans b ON a.task_id = b.id
    -> LEFT JOIN;
ERROR 1064 (42000): You have an error in your SQL syntax; check the manual that corresponds to your MariaDB server version for the right syntax to use near '211402018 AS (
SELECT a.task_id, b.task_name, b.task_status FROM task_persons...' at line 1
MariaDB [task_manager]> CREATE VIEW 211402018 AS (
    -> SELECT a.task_id, b.task_name, b.task status, c.id, d. category_name, c.indicator_name, e.id, e.name FROM task_persons a
    -> LEFT JOIN task_plans b
    -> ON a.task_id = b.id
    -> LEFT JOIN task_indicators c
    -> ON b.indicators_id = c.id
    -> LEFT JOIN task_categories d
    -> ON b.category_id = d.id
    -> LEFT JOIN users e
    -> ON b.user_create = e.id
    -> );
ERROR 1064 (42000): You have an error in your SQL syntax; check the manual that corresponds to your MariaDB server version for the right syntax to use near '211402018 AS (
SELECT a.task_id, b.task_name, b.task status, c.id, d. categor...' at line 1
MariaDB [task_manager]> SELECT 
    -> a.id, a.task_name, b.task_status, b.task_comments, d.category_name as 'Category',
    -> DATEDIFF(a.task_duration_end, a.task_duration_start) as 'Lama Pengerjaan',
    -> c.name as 'Create By', (SELECT name from users where users.id = task_dailies.user_verify_id ) as 'Verified By'
    -> FROM task_plans a
    -> RIGHT JOIN task_dailies b ON a.id = b.plan_id
    -> INNER JOIN users c ON b.id = c.id
    -> RIGHT JOIN task_categories d ON a.category_id = d.id
    -> );
ERROR 1064 (42000): You have an error in your SQL syntax; check the manual that corresponds to your MariaDB server version for the right syntax to use near ')' at line 9
MariaDB [task_manager]> SELECT 
    -> a.id, a.task_name, b.task_status, b.task_comments, d.category_name as 'Category',
    -> DATEDIFF(a.task_duration_end, a.ask_duration_start) as 'Lama Pengerjaan',
    -> c.name as 'Create By', (SELECT name from users where users.id = task_dailies.user_id ) as 'Verified By'
    -> FROM task_plans a
    -> RIGHT JOIN task_dailies b ON a.id = b.plan_id
    -> INNER JOIN users c ON b.id = c.id
    -> RIGHT JOIN task_categories d ON a.category_id = d.id
    -> );
ERROR 1064 (42000): You have an error in your SQL syntax; check the manual that corresponds to your MariaDB server version for the right syntax to use near ')' at line 9
MariaDB [task_manager]> SELECT 
    -> a.id, a.task_name, b.task_status, b.task_comments, d.category_name as 'Category',
    -> DATEDIFF(a.task_duration_end, a.ask_duration_start) as 'Lama Pengerjaan',
    -> c.name as 'Create By', (SELECT name from users where users.id = task_dailies.user_id ) as 'Verified By'
    -> FROM task_plans a
    -> RIGHT JOIN task_dailies b ON a.id = b.plan_id
    -> INNER JOIN users c ON b.id = c.id
    -> ;
ERROR 1054 (42S22): Unknown column 'd.category_name' in 'field list'
MariaDB [task_manager]> SELECT 
    -> a.id, a.task_name, b.task_status, b.task_comments, d.category_name as 'Category',
    -> DATEDIFF(a.task_duration_end, a.ask_duration_start) as 'Lama Pengerjaan',
    -> c.name as 'Create By', (SELECT name from users where users.id = task_dailies.user_id ) as 'Verified By'
    -> FROM task_plans a
    -> RIGHT JOIN task_dailies b ON a.id = b.plan_id
    -> INNER JOIN users c ON b.id = c.id
    -> RIGHT JOIN task_categories d ON a.category_id = d.id;
ERROR 1054 (42S22): Unknown column 'task_dailies.user_id' in 'where clause'
MariaDB [task_manager]> SELECT a.id, a.task_name, b.task_status, b.task_comments, d.category_name as 'Category', DATEDIFF(a.task_duration_end, a.ask_duration_start) as 'Lama Pengerjaan', c.name as 'Create By', (SELECT name from users join task_dailies on users.id = task_dailies.user_verify_id ) as 'Verified By' FROM task_plans a RIGHT JOIN task_dailies b ON a.id = b.plan_id INNER JOIN users c ON b.id = c.id RIGHT JOIN task_categories d ON a.category_id = d.id;
+------+-----------+-------------+---------------+--------------+-----------------+-----------+-------------+
| id   | task_name | task_status | task_comments | Category     | Lama Pengerjaan | Create By | Verified By |
+------+-----------+-------------+---------------+--------------+-----------------+-----------+-------------+
| NULL | NULL      | NULL        | NULL          | Analisis     |            NULL | NULL      | NULL        |
| NULL | NULL      | NULL        | NULL          | Administrasi |            NULL | NULL      | NULL        |
| NULL | NULL      | NULL        | NULL          | Teknikal     |            NULL | NULL      | NULL        |
+------+-----------+-------------+---------------+--------------+-----------------+-----------+-------------+
3 rows in set (0.001 sec)

MariaDB [task_manager]> SELECT a.id, a.task_name, b.task_status, b.task_comments, d.category_name as 'Category',DATEDIFF(a.task_duration_end, a.ask_duration_start) as 'Lama Pengerjaan',c.name as 'Create By', (SELECT name from users where c.id = b.user_verify_id ) as 'Verified By'FROM task_plans aRIGHT RIGHT JOIN task_dailies b ON a.id = b.plan_idINNER JOIN users c ON b.id = c.idRIGHT LEFT JOIN task_categories d ON a.category_id = d.id
    -> ;
ERROR 1054 (42S22): Unknown column 'a.id' in 'field list'
MariaDB [task_manager]> SELECT a.id, a.task_name, b.task_status, b.task_comments, d.category_name as 'Category',DATEDIFF(a.task_duration_end, a.ask_duration_start) as 'Lama Pengerjaan',c.name as 'Create By', (SELECT name from users where c.id = b.user_verify_id ) as 'Verified By'FROM task_plans aRIGHT RIGHT JOIN task_dailies b ON a.id = b.plan_idINNER JOIN users c ON b.id = c.idRIGHT LEFT JOIN task_categories d ON a.category_id = d.id;
ERROR 1054 (42S22): Unknown column 'a.id' in 'field list'
MariaDB [task_manager]> SELECT a.id, a.task_name, b.task_status, b.task_comments, d.category_name as 'Category', DATEDIFF(a.task_duration_end, a.ask_duration_start) as 'Lama Pengerjaan', c.name as 'Create By', (SELECT name from users where c.id = b.user_verify_id ) as 'Verified By' FROM task_plans a LEFT JOIN task_dailies b ON a.id = b.plan_id INNER JOIN users c ON b.id = c.id LEFT JOIN task_categories d ON a.category_id = d.id;
Empty set (0.001 sec)

